[backblue.gif]
[fade.gif]
[index.html]
[uptecra.com/wp-includes/js/jquery/jquery.minf43bf43b.js]
[uptecra.com/wp-includes/js/jquery/jquery-migrate.min55895589.js]
[uptecra.com/wp-content/plugins/revslider/public/assets/js/rbtools.min3f213f21.js]
[uptecra.com/wp-content/plugins/revslider/public/assets/js/rs6.min3f213f21.js]
[uptecra.com/index.php/wp-json/wp/v2/pages/5423.json]
[uptecra.com/index.php/wp-json/oembed/1.0/embed11d911d9.json]
[uptecra.com/content/wp-content/uploads/2021/09/uptecra_logo-01.png]
[uptecra.com/content/wp-content/uploads/2021/09/uptecra_logo_beyaz-03.png]
[uptecra.com/wp-content/uploads/2021/10/shutterstock_345244388-scaled.jpg]
[uptecra.com/wp-content/uploads/2021/10/shutterstock_1707249787-scaled.jpg]
[uptecra.com/wp-content/uploads/2021/11/homepage-03.jpg]
[uptecra.com/wp-content/uploads/2021/09/6slide.png]
[uptecra.com/wp-content/uploads/2021/11/homepage-02.jpg]
[uptecra.com/content/wp-content/uploads/2021/11/zorlu-dark1.png]
[uptecra.com/content/wp-content/uploads/2021/11/vestel-sb.png]
[uptecra.com/wp-includes/js/dist/vendor/wp-polyfill-inert.min02260226.js]
[uptecra.com/wp-includes/js/dist/vendor/regenerator-runtime.min6c856c85.js]
[uptecra.com/wp-includes/js/dist/vendor/wp-polyfill.min2c7c2c7c.js]
[uptecra.com/wp-content/plugins/contact-form-7/includes/js/index76617661.js]
[uptecra.com/wp-includes/js/jquery/ui/core.min3f143f14.js]
[uptecra.com/wp-includes/js/jquery/ui/tabs.min3f143f14.js]
[uptecra.com/wp-includes/js/jquery/ui/accordion.min3f143f14.js]
[uptecra.com/wp-includes/js/mediaelement/mediaelement-and-player.min1f611f61.js]
[uptecra.com/wp-includes/js/mediaelement/mediaelement-migrate.minadc6adc6.js]
[uptecra.com/wp-includes/js/mediaelement/wp-mediaelement.minadc6adc6.js]
[uptecra.com/wp-content/themes/fluid/assets/js/modules/plugins/jquery.appearadc6adc6.js]
[uptecra.com/wp-content/themes/fluid/assets/js/modules/plugins/modernizr.minadc6adc6.js]
[uptecra.com/wp-includes/js/hoverIntent.min3e5a3e5a.js]
[uptecra.com/wp-content/themes/fluid/assets/js/modules/plugins/jquery.pluginadc6adc6.js]
[uptecra.com/wp-content/themes/fluid/assets/js/modules/plugins/jquery.countdown.minadc6adc6.js]
[uptecra.com/wp-content/themes/fluid/assets/js/modules/plugins/owl.carousel.minadc6adc6.js]
[uptecra.com/wp-content/themes/fluid/assets/js/modules/plugins/parallax.minadc6adc6.js]
[uptecra.com/wp-content/themes/fluid/assets/js/modules/plugins/easypiechartadc6adc6.js]
[uptecra.com/wp-content/themes/fluid/assets/js/modules/plugins/jquery.waypoints.minadc6adc6.js]
[uptecra.com/wp-content/themes/fluid/assets/js/modules/plugins/Chart.minadc6adc6.js]
[uptecra.com/wp-content/themes/fluid/assets/js/modules/plugins/counteradc6adc6.js]
[uptecra.com/wp-content/themes/fluid/assets/js/modules/plugins/absoluteCounter.minadc6adc6.js]
[uptecra.com/wp-content/themes/fluid/assets/js/modules/plugins/fluidvids.minadc6adc6.js]
[uptecra.com/wp-content/plugins/js_composer/assets/lib/prettyphoto/js/jquery.prettyPhoto.minbdebbdeb.js]
[uptecra.com/wp-content/themes/fluid/assets/js/modules/plugins/jquery.nicescroll.minadc6adc6.js]
[uptecra.com/wp-content/themes/fluid/assets/js/modules/plugins/ScrollToPlugin.minadc6adc6.js]
[uptecra.com/wp-content/themes/fluid/assets/js/modules/plugins/jquery.waitforimagesadc6adc6.js]
[uptecra.com/wp-content/themes/fluid/assets/js/modules/plugins/jquery.easing.1.3adc6adc6.js]
[uptecra.com/wp-content/themes/fluid/assets/js/modules/plugins/jquery.multiscroll.minadc6adc6.js]
[uptecra.com/wp-content/plugins/js_composer/assets/lib/bower/isotope/dist/isotope.pkgd.minbdebbdeb.js]
[uptecra.com/wp-content/themes/fluid/assets/js/modules/plugins/packery-mode.pkgd.minadc6adc6.js]
[uptecra.com/wp-content/themes/fluid/assets/js/modules/plugins/TweenLite.minadc6adc6.js]
[uptecra.com/wp-content/themes/fluid/assets/js/modules/plugins/smoothPageScrolladc6adc6.js]
[uptecra.com/maps/maps/api/jsa49aa49a]
[uptecra.com/wp-content/themes/fluid/assets/js/modules.minadc6adc6.js]
[uptecra.com/wp-content/themes/fluid/assets/js/modules/plugins/like51525152.js]
[uptecra.com/wp-content/plugins/js_composer/assets/js/dist/js_composer_front.minbdebbdeb.js]
[uptecra.com/wp-includes/js/dist/dom-ready.min53465346.js]
[uptecra.com/wp-content/plugins/jetpack/_inc/blocks/map/viewe97be97b.js]
[uptecra.com/index.html]
[uptecra.com/gmpg.org/xfn/11.html]
[uptecra.com/index-2.html]
[uptecra.com/mainpage-en.html]
[uptecra.com/maps/index.html]
[uptecra.com/stats.wp.com/index.html]
[www.google.com/images/errors/robot.png]
[uptecra.com/googlefonts/index.html]
[uptecra.com/wp-includes/css/dist/block-library/style.minadc6adc6.css]
[uptecra.com/wp-includes/js/mediaelement/mediaelementplayer-legacy.min1f611f61.css]
[uptecra.com/wp-includes/js/mediaelement/wp-mediaelement.minadc6adc6.css]
[uptecra.com/wp-content/plugins/contact-form-7/includes/css/styles76617661.css]
[uptecra.com/wp-content/plugins/revslider/public/assets/fonts/revicons/revicons90c690c6.eot]
[uptecra.com/wp-content/plugins/revslider/public/assets/fonts/revicons/revicons90c690c6.woff]
[uptecra.com/wp-content/plugins/revslider/public/assets/fonts/revicons/revicons90c690c6.ttf]
[uptecra.com/wp-content/plugins/revslider/public/assets/assets/gridtile.png]
[uptecra.com/wp-content/plugins/revslider/public/assets/assets/gridtile_white.png]
[uptecra.com/wp-content/plugins/revslider/public/assets/assets/gridtile_3x3.png]
[uptecra.com/wp-content/plugins/revslider/public/assets/assets/gridtile_3x3_white.png]
[uptecra.com/wp-content/plugins/revslider/public/assets/assets/coloredbg.png]
[uptecra.com/wp-content/plugins/revslider/public/assets/assets/loader.gif]
[uptecra.com/wp-content/plugins/revslider/public/assets/css/rs63f213f21.css]
[uptecra.com/wp-content/themes/fluid/styleadc6adc6.css]
[uptecra.com/wp-content/themes/fluid/assets/img/audio/play.png]
[uptecra.com/wp-content/themes/fluid/assets/img/audio/pause.png]
[uptecra.com/wp-content/themes/fluid/assets/img/audio/stop.png]
[uptecra.com/wp-content/themes/fluid/assets/img/audio/sound.png]
[uptecra.com/wp-content/themes/fluid/assets/img/audio/mute.png]
[uptecra.com/wp-content/plugins/edgtf-core/assets/css/img/frame-slider.png]
[uptecra.com/wp-content/themes/fluid/assets/css/modules.minadc6adc6.css]
[uptecra.com/wp-content/themes/fluid/assets/css/font-awesome/fonts/fontawesome-webfont3e6e3e6e.eot]
[uptecra.com/wp-content/themes/fluid/assets/css/font-awesome/fonts/fontawesome-webfontd41dd41d.eot]
[uptecra.com/wp-content/themes/fluid/assets/css/font-awesome/fonts/fontawesome-webfont3e6e3e6e.woff]
[uptecra.com/wp-content/themes/fluid/assets/css/font-awesome/fonts/fontawesome-webfont3e6e3e6e.ttf]
[uptecra.com/wp-content/themes/fluid/assets/css/font-awesome/css/font-awesome.minadc6adc6.css]
[uptecra.com/wp-content/themes/fluid/assets/css/elegant-icons/fonts/ElegantIcons.eot]
[uptecra.com/wp-content/themes/fluid/assets/css/elegant-icons/fonts/ElegantIconsd41dd41d.eot]
[uptecra.com/wp-content/themes/fluid/assets/css/elegant-icons/fonts/ElegantIcons.woff]
[uptecra.com/wp-content/themes/fluid/assets/css/elegant-icons/fonts/ElegantIcons.ttf]
[uptecra.com/wp-content/themes/fluid/assets/css/elegant-icons/style.minadc6adc6.css]
[uptecra.com/wp-content/themes/fluid/assets/css/ion-icons/fonts/ionicons28b528b5.eot]
[uptecra.com/wp-content/themes/fluid/assets/css/ion-icons/fonts/ionicons28b528b5.ttf]
[uptecra.com/wp-content/themes/fluid/assets/css/ion-icons/fonts/ionicons28b528b5.woff]
[uptecra.com/wp-content/themes/fluid/assets/css/ion-icons/css/ionicons.minadc6adc6.css]
[uptecra.com/wp-content/themes/fluid/assets/css/linea-icons/arrows/fonts/linea-arrows-10.eot]
[uptecra.com/wp-content/themes/fluid/assets/css/linea-icons/arrows/fonts/linea-arrows-10d41dd41d.eot]
[uptecra.com/wp-content/themes/fluid/assets/css/linea-icons/arrows/fonts/linea-arrows-10.woff]
[uptecra.com/wp-content/themes/fluid/assets/css/linea-icons/arrows/fonts/linea-arrows-10.ttf]
[uptecra.com/wp-content/themes/fluid/assets/css/linea-icons/basic/fonts/linea-basic-10.eot]
[uptecra.com/wp-content/themes/fluid/assets/css/linea-icons/basic/fonts/linea-basic-10d41dd41d.eot]
[uptecra.com/wp-content/themes/fluid/assets/css/linea-icons/basic/fonts/linea-basic-10.woff]
[uptecra.com/wp-content/themes/fluid/assets/css/linea-icons/basic/fonts/linea-basic-10.ttf]
[uptecra.com/wp-content/themes/fluid/assets/css/linea-icons/basic-elaboration/fonts/linea-basic-elaboration-10.eot]
[uptecra.com/wp-content/themes/fluid/assets/css/linea-icons/basic-elaboration/fonts/linea-basic-elaboration-10d41dd41d.eot]
[uptecra.com/wp-content/themes/fluid/assets/css/linea-icons/basic-elaboration/fonts/linea-basic-elaboration-10.woff]
[uptecra.com/wp-content/themes/fluid/assets/css/linea-icons/basic-elaboration/fonts/linea-basic-elaboration-10.ttf]
[uptecra.com/wp-content/themes/fluid/assets/css/linea-icons/ecommerce/fonts/linea-ecommerce-10.eot]
[uptecra.com/wp-content/themes/fluid/assets/css/linea-icons/ecommerce/fonts/linea-ecommerce-10d41dd41d.eot]
[uptecra.com/wp-content/themes/fluid/assets/css/linea-icons/ecommerce/fonts/linea-ecommerce-10.woff]
[uptecra.com/wp-content/themes/fluid/assets/css/linea-icons/ecommerce/fonts/linea-ecommerce-10.ttf]
[uptecra.com/wp-content/themes/fluid/assets/css/linea-icons/music/fonts/linea-music-10.eot]
[uptecra.com/wp-content/themes/fluid/assets/css/linea-icons/music/fonts/linea-music-10d41dd41d.eot]
[uptecra.com/wp-content/themes/fluid/assets/css/linea-icons/music/fonts/linea-music-10.woff]
[uptecra.com/wp-content/themes/fluid/assets/css/linea-icons/music/fonts/linea-music-10.ttf]
[uptecra.com/wp-content/themes/fluid/assets/css/linea-icons/software/fonts/linea-software-10.eot]
[uptecra.com/wp-content/themes/fluid/assets/css/linea-icons/software/fonts/linea-software-10d41dd41d.eot]
[uptecra.com/wp-content/themes/fluid/assets/css/linea-icons/software/fonts/linea-software-10.woff]
[uptecra.com/wp-content/themes/fluid/assets/css/linea-icons/software/fonts/linea-software-10.ttf]
[uptecra.com/wp-content/themes/fluid/assets/css/linea-icons/weather/fonts/linea-weather-10.eot]
[uptecra.com/wp-content/themes/fluid/assets/css/linea-icons/weather/fonts/linea-weather-10d41dd41d.eot]
[uptecra.com/wp-content/themes/fluid/assets/css/linea-icons/weather/fonts/linea-weather-10.woff]
[uptecra.com/wp-content/themes/fluid/assets/css/linea-icons/weather/fonts/linea-weather-10.ttf]
[uptecra.com/wp-content/themes/fluid/assets/css/linea-icons/styleadc6adc6.css]
[uptecra.com/wp-content/themes/fluid/assets/css/simple-line-icons/fonts/Simple-Line-Icons4c824c82.eot]
[uptecra.com/wp-content/themes/fluid/assets/css/simple-line-icons/fonts/Simple-Line-Iconsd41dd41d.eot]
[uptecra.com/wp-content/themes/fluid/assets/css/simple-line-icons/fonts/Simple-Line-Icons4c824c82.ttf]
[uptecra.com/wp-content/themes/fluid/assets/css/simple-line-icons/fonts/Simple-Line-Icons4c824c82.woff]
[uptecra.com/wp-content/themes/fluid/assets/css/simple-line-icons/simple-line-iconsadc6adc6.css]
[uptecra.com/wp-content/themes/fluid/assets/css/et-line/fonts/et-line.eot]
[uptecra.com/wp-content/themes/fluid/assets/css/et-line/fonts/et-lined41dd41d.eot]
[uptecra.com/wp-content/themes/fluid/assets/css/et-line/fonts/et-line.woff]
[uptecra.com/wp-content/themes/fluid/assets/css/et-line/fonts/et-line.ttf]
[uptecra.com/wp-content/themes/fluid/assets/css/et-line/css/et-line.minadc6adc6.css]
[uptecra.com/wp-content/themes/fluid/assets/css/style_dynamic83bf83bf.css]
[uptecra.com/wp-content/themes/fluid/assets/css/modules-responsive.minadc6adc6.css]
[uptecra.com/wp-content/themes/fluid/assets/css/style_dynamic_responsive83bf83bf.css]
[uptecra.com/googlefonts/csse6f2e6f2.css]
[uptecra.com/wp-content/plugins/js_composer/assets/vc/alert.png]
[uptecra.com/wp-content/plugins/js_composer/assets/vc/info.png]
[uptecra.com/wp-content/plugins/js_composer/assets/vc/tick.png]
[uptecra.com/wp-content/plugins/js_composer/assets/vc/exclamation.png]
[uptecra.com/wp-content/plugins/js_composer/assets/images/icons/address-book.png]
[uptecra.com/wp-content/plugins/js_composer/assets/images/icons/alarm-clock.png]
[uptecra.com/wp-content/plugins/js_composer/assets/images/icons/anchor.png]
[uptecra.com/wp-content/plugins/js_composer/assets/images/icons/application-image.png]
[uptecra.com/wp-content/plugins/js_composer/assets/images/icons/arrow.png]
[uptecra.com/wp-content/plugins/js_composer/assets/images/icons/asterisk.png]
[uptecra.com/wp-content/plugins/js_composer/assets/images/icons/auction-hammer.png]
[uptecra.com/wp-content/plugins/js_composer/assets/images/icons/balloon.png]
[uptecra.com/wp-content/plugins/js_composer/assets/images/icons/balloon-buzz.png]
[uptecra.com/wp-content/plugins/js_composer/assets/images/icons/balloon-facebook.png]
[uptecra.com/wp-content/plugins/js_composer/assets/images/icons/balloon-twitter.png]
[uptecra.com/wp-content/plugins/js_composer/assets/images/icons/battery-full.png]
[uptecra.com/wp-content/plugins/js_composer/assets/images/icons/binocular.png]
[uptecra.com/wp-content/plugins/js_composer/assets/images/icons/blue-document-excel.png]
[uptecra.com/wp-content/plugins/js_composer/assets/images/icons/blue-document-image.png]
[uptecra.com/wp-content/plugins/js_composer/assets/images/icons/blue-document-music.png]
[uptecra.com/wp-content/plugins/js_composer/assets/images/icons/blue-document-office.png]
[uptecra.com/wp-content/plugins/js_composer/assets/images/icons/blue-document-pdf.png]
[uptecra.com/wp-content/plugins/js_composer/assets/images/icons/blue-document-powerpoint.png]
[uptecra.com/wp-content/plugins/js_composer/assets/images/icons/blue-document-word.png]
[uptecra.com/wp-content/plugins/js_composer/assets/images/icons/bookmark.png]
[uptecra.com/wp-content/plugins/js_composer/assets/images/icons/camcorder.png]
[uptecra.com/wp-content/plugins/js_composer/assets/images/icons/camera.png]
[uptecra.com/wp-content/plugins/js_composer/assets/images/icons/chart.png]
[uptecra.com/wp-content/plugins/js_composer/assets/images/icons/chart-pie.png]
[uptecra.com/wp-content/plugins/js_composer/assets/images/icons/clock.png]
[uptecra.com/wp-content/plugins/js_composer/assets/images/icons/control.png]
[uptecra.com/wp-content/plugins/js_composer/assets/images/icons/fire.png]
[uptecra.com/wp-content/plugins/js_composer/assets/images/icons/heart.png]
[uptecra.com/wp-content/plugins/js_composer/assets/images/icons/mail.png]
[uptecra.com/wp-content/plugins/js_composer/assets/images/icons/plus-shield.png]
[uptecra.com/wp-content/plugins/js_composer/assets/images/icons/video.png]
[uptecra.com/wp-content/plugins/js_composer/assets/fonts/vc_icons_v2/fonts/vcpb-plugin-iconsb82ab82a.eot]
[uptecra.com/wp-content/plugins/js_composer/assets/fonts/vc_icons_v2/fonts/vcpb-plugin-iconsb82ab82a.ttf]
[uptecra.com/wp-content/plugins/js_composer/assets/fonts/vc_icons_v2/fonts/vcpb-plugin-iconsb82ab82a.woff]
[uptecra.com/wp-content/plugins/js_composer/assets/images/toggle_open.png]
[uptecra.com/wp-content/plugins/js_composer/assets/images/toggle_close.png]
[uptecra.com/wp-content/plugins/js_composer/assets/images/flickr.png]
[uptecra.com/wp-content/plugins/js_composer/assets/fonts/vc_grid/vc_grid_v157a157a1.eot]
[uptecra.com/wp-content/plugins/js_composer/assets/fonts/vc_grid/vc_grid_v1d41dd41d.eot]
[uptecra.com/wp-content/plugins/js_composer/assets/fonts/vc_grid/vc_grid_v157a157a1.woff]
[uptecra.com/wp-content/plugins/js_composer/assets/fonts/vc_grid/vc_grid_v157a157a1.ttf]
[uptecra.com/wp-content/plugins/js_composer/assets/images/spinner.gif]
[uptecra.com/wp-content/plugins/js_composer/assets/vc/remove.png]
[uptecra.com/wp-content/plugins/js_composer/assets/css/js_composer.minbdebbdeb.css]
[uptecra.com/index.php/wp-json/index.html]
[uptecra.com/xmlrpc0db00db0.html]
[uptecra.com/index.php/wp-json/wp/v2/pages/8143.json]
[uptecra.com/index.php/wp-json/oembed/1.0/embed187c187c.json]
[uptecra.com/content/wp-content/uploads/2021/11/New-Project2.png]
[uptecra.com/index.php/yapay-zeka-destekli-nesne-takip/index.html]
[uptecra.com/index.php/wp-json/wp/v2/pages/8278.json]
[uptecra.com/index.php/wp-json/oembed/1.0/embed83248324.json]
[uptecra.com/content/wp-content/uploads/2021/11/New-Project.png]
[uptecra.com/index.php/personel-takip/index.html]
[uptecra.com/index.php/wp-json/wp/v2/pages/6511.json]
[uptecra.com/index.php/wp-json/oembed/1.0/embedd624d624.json]
[uptecra.com/content/wp-content/uploads/2021/09/beatles-e1632204270809.jpg]
[uptecra.com/wp-content/uploads/2021/09/bira-1024x535.jpg]
[uptecra.com/wp-content/plugins/js_composer/assets/lib/vc_waypoints/vc-waypoints.minbdebbdeb.js]
[uptecra.com/index.php/video-kimliksizlestirme/index.html]
[uptecra.com/index.php/wp-json/wp/v2/pages/8284.json]
[uptecra.com/index.php/wp-json/oembed/1.0/embed5b755b75.json]
[uptecra.com/content/wp-content/uploads/2021/11/New-Project1.png]
[uptecra.com/index.php/kurumsal-ai/index.html]
[uptecra.com/index.php/wp-json/wp/v2/pages/8133.json]
[uptecra.com/index.php/wp-json/oembed/1.0/embed0c130c13.json]
[uptecra.com/content/wp-content/uploads/2021/09/yangin-e1632206347879.jpg]
[uptecra.com/index.php/yangin-takip/index.html]
[uptecra.com/www.google.com/maps/search/index26022602.html]
[uptecra.com/googlefonts/css8bda8bda.css]
[uptecra.com/icons/blank.gif]
[uptecra.com/icons/back.gif]
[uptecra.com/icons/unknown.gif]
[uptecra.com/wp-content/plugins/jetpack/_inc/blocks/7.js]
[uptecra.com/icons/folder.gif]
[uptecra.com/icons/text.gif]
[uptecra.com/wp-content/plugins/jetpack/_inc/blocks/components.js.LICENSE.txt]
[uptecra.com/wp-content/plugins/jetpack/_inc/blocks/editor-beta.js]
[uptecra.com/wp-content/plugins/jetpack/_inc/blocks/editor-beta.js.LICENSE.txt]
[uptecra.com/wp-content/plugins/jetpack/_inc/blocks/editor-experimental.js]
[uptecra.com/wp-content/plugins/jetpack/_inc/blocks/editor-experimental.js.LICENSE.txt]
[uptecra.com/wp-content/plugins/jetpack/_inc/blocks/editor-no-post-editor.js]
[uptecra.com/wp-content/plugins/jetpack/_inc/blocks/editor-no-post-editor.js.LICENSE.txt]
[uptecra.com/wp-content/plugins/jetpack/_inc/blocks/editor.js]
[uptecra.com/wp-content/plugins/jetpack/_inc/blocks/editor.js.LICENSE.txt]
[uptecra.com/wp-content/plugins/jetpack/_inc/blocks/index.json]
[uptecra.com/wp-content/plugins/jetpack/_inc/blocks/index.html]
[uptecra.com/index.php/yapay-zeka-destekli-nesne-takip/index-en.html]
[uptecra.com/index.php/personel-takip/index-en.html]
[uptecra.com/index.php/video-kimliksizlestirme/index-en.html]
[uptecra.com/index.php/kurumsal-ai/index-en.html]
[uptecra.com/index.php/yangin-takip/index-en.html]
[uptecra.com/stats.wp.com/e-202428.html]
[uptecra.com/wp-includes/js/mediaelement/mejs-controls.svg]
[uptecra.com/wp-content/plugins/revslider/public/assets/fonts/revicons/revicons90c690c6.svg]
[uptecra.com/wp-content/plugins/revslider/public/assets/css/openhand.html]
[uptecra.com/wp-content/plugins/revslider/public/assets/css/closedhand.html]
[uptecra.com/wp-content/themes/fluid/assets/gulp/owl.video.play.html]
[uptecra.com/wp-content/themes/fluid/assets/css/font-awesome/fonts/fontawesome-webfont3e6e3e6e.html]
[uptecra.com/wp-content/themes/fluid/assets/css/font-awesome/fonts/fontawesome-webfont3e6e3e6e.svg]
[uptecra.com/wp-content/themes/fluid/assets/css/elegant-icons/fonts/ElegantIcons.svg]
[uptecra.com/wp-content/themes/fluid/assets/css/ion-icons/fonts/ionicons28b528b5.svg]
[uptecra.com/wp-content/themes/fluid/assets/css/linea-icons/arrows/fonts/linea-arrows-10.svg]
[uptecra.com/wp-content/themes/fluid/assets/css/linea-icons/basic/fonts/linea-basic-10.svg]
[uptecra.com/wp-content/themes/fluid/assets/css/linea-icons/basic-elaboration/fonts/linea-basic-elaboration-10.svg]
[uptecra.com/wp-content/themes/fluid/assets/css/linea-icons/ecommerce/fonts/linea-ecommerce-10.svg]
[uptecra.com/wp-content/themes/fluid/assets/css/linea-icons/music/fonts/linea-music-10.svg]
[uptecra.com/wp-content/themes/fluid/assets/css/linea-icons/software/fonts/linea-software-10.svg]
[uptecra.com/wp-content/themes/fluid/assets/css/linea-icons/weather/fonts/linea-weather-10.svg]
[uptecra.com/wp-content/themes/fluid/assets/css/simple-line-icons/fonts/Simple-Line-Icons4c824c82.html]
[uptecra.com/wp-content/themes/fluid/assets/css/simple-line-icons/fonts/Simple-Line-Icons4c824c82.svg]
[uptecra.com/wp-content/themes/fluid/assets/css/et-line/fonts/et-line.svg]
[uptecra.com/wp-content/plugins/js_composer/assets/fonts/vc_icons_v2/fonts/vcpb-plugin-iconsb82ab82a.svg]
[uptecra.com/wp-content/plugins/js_composer/assets/vc/blur.svg]
[uptecra.com/wp-content/plugins/js_composer/assets/fonts/vc_grid/vc_grid_v157a157a1.svg]
[uptecra.com/_https_/en.wikipedia.org/wiki/Exchangeable_image_file_format/_.html]
[uptecra.com/index.php/feed/index.html]
[uptecra.com/index.php/comments/feed/index.html]
[uptecra.com/indexc25dc25d.html]
[uptecra.com/indexe702e702.html]
[uptecra.com/indexb7d1b7d1.html]
[uptecra.com/wp-content/plugins/js_composer/assets/lib/bower/animate-css/animate.minbdebbdeb.css]
[uptecra.com/index8c748c74.html]
[uptecra.com/indexfe2dfe2d.html]
[uptecra.com/wp-content/plugins/jetpack/_inc/blocks/indexc052c052.html]
[uptecra.com/wp-content/plugins/jetpack/_inc/blocks/indexf8a0f8a0.html]
[uptecra.com/wp-content/plugins/jetpack/_inc/blocks/indexbfecbfec.html]
[uptecra.com/wp-content/plugins/jetpack/_inc/blocks/index30b530b5.html]
[uptecra.com/wp-content/plugins/jetpack/_inc/index.html]
[uptecra.com/wp-content/plugins/jetpack/_inc/blocks/ai-assistant/index.html]
[uptecra.com/wp-content/plugins/jetpack/_inc/blocks/ai-chat/index.html]
[uptecra.com/wp-content/plugins/jetpack/_inc/blocks/ai-image/index.html]
[uptecra.com/wp-content/plugins/jetpack/_inc/blocks/ai-paragraph/index.html]
[uptecra.com/wp-content/plugins/jetpack/_inc/blocks/blog-stats/index.html]
[uptecra.com/wp-content/plugins/jetpack/_inc/blocks/blogging-prompt/index.html]
[uptecra.com/wp-content/plugins/jetpack/_inc/blocks/blogroll/index.html]
[uptecra.com/wp-content/plugins/jetpack/_inc/blocks/business-hours/index.html]
[uptecra.com/wp-content/plugins/jetpack/_inc/blocks/button/index.html]
[uptecra.com/wp-content/plugins/jetpack/_inc/blocks/calendly/index.html]
[uptecra.com/wp-content/plugins/jetpack/_inc/blocks/components.css]
[uptecra.com/wp-content/plugins/jetpack/_inc/blocks/components.rtl.css]
[uptecra.com/wp-content/plugins/jetpack/_inc/blocks/contact-info/index.html]
[uptecra.com/wp-content/plugins/jetpack/_inc/blocks/cookie-consent/index.html]
[uptecra.com/wp-content/plugins/jetpack/_inc/blocks/donations/index.html]
[uptecra.com/wp-content/plugins/jetpack/_inc/blocks/editor-assets/index.html]
[uptecra.com/wp-content/plugins/jetpack/_inc/blocks/editor-beta.asset.html]
[uptecra.com/wp-content/plugins/jetpack/_inc/blocks/editor-beta.css]
[uptecra.com/wp-content/plugins/jetpack/_inc/blocks/editor-beta.rtl.css]
[uptecra.com/wp-content/plugins/jetpack/_inc/blocks/editor-experimental.asset.html]
[uptecra.com/wp-content/plugins/jetpack/_inc/blocks/editor-experimental.css]
[uptecra.com/wp-content/plugins/jetpack/_inc/blocks/editor-experimental.rtl.css]
[uptecra.com/wp-content/plugins/jetpack/_inc/blocks/editor-no-post-editor.asset.html]
[uptecra.com/wp-content/plugins/jetpack/_inc/blocks/editor-no-post-editor.css]
[uptecra.com/wp-content/plugins/jetpack/_inc/blocks/editor-no-post-editor.rtl.css]
[uptecra.com/wp-content/plugins/jetpack/_inc/blocks/editor.asset.html]
[uptecra.com/wp-content/plugins/jetpack/_inc/blocks/editor.css]
[uptecra.com/wp-content/plugins/jetpack/_inc/blocks/editor.rtl.css]
[uptecra.com/wp-content/plugins/jetpack/_inc/blocks/eventbrite/index.html]
[uptecra.com/wp-content/plugins/jetpack/_inc/blocks/frontend-nudge.html]
[uptecra.com/wp-content/plugins/jetpack/_inc/blocks/gif/index.html]
[uptecra.com/wp-content/plugins/jetpack/_inc/blocks/goodreads/index.html]
[uptecra.com/wp-content/plugins/jetpack/_inc/blocks/google-calendar/index.html]
[uptecra.com/wp-content/plugins/jetpack/_inc/blocks/google-docs-embed/index.html]
[uptecra.com/wp-content/plugins/jetpack/_inc/blocks/image-compare/index.html]
[uptecra.com/wp-content/plugins/jetpack/_inc/blocks/images/index.html]
[uptecra.com/wp-content/plugins/jetpack/_inc/blocks/instagram-gallery/index.html]
[uptecra.com/wp-content/plugins/jetpack/_inc/blocks/like/index.html]
[uptecra.com/wp-content/plugins/jetpack/_inc/blocks/mailchimp/index.html]
[uptecra.com/wp-content/plugins/jetpack/_inc/blocks/map/index.html]
[uptecra.com/wp-content/plugins/jetpack/_inc/blocks/markdown/index.html]
[uptecra.com/wp-content/plugins/jetpack/_inc/blocks/nextdoor/index.html]
[uptecra.com/wp-content/plugins/jetpack/_inc/blocks/opentable/index.html]
[uptecra.com/wp-content/plugins/jetpack/_inc/blocks/payment-buttons/index.html]
[uptecra.com/wp-content/plugins/jetpack/_inc/blocks/payments-intro/index.html]
[uptecra.com/wp-content/plugins/jetpack/_inc/blocks/paywall/index.html]
[uptecra.com/wp-content/plugins/jetpack/_inc/blocks/pinterest/index.html]
[uptecra.com/wp-content/plugins/jetpack/_inc/blocks/podcast-player/index.html]
[uptecra.com/wp-content/plugins/jetpack/_inc/blocks/premium-content/index.html]
[uptecra.com/wp-content/plugins/jetpack/_inc/blocks/rating-star/index.html]
[uptecra.com/wp-content/plugins/jetpack/_inc/blocks/recipe/index.html]
[uptecra.com/wp-content/plugins/jetpack/_inc/blocks/recurring-payments/index.html]
[uptecra.com/wp-content/plugins/jetpack/_inc/blocks/related-posts/index.html]
[uptecra.com/wp-content/plugins/jetpack/_inc/blocks/repeat-visitor/index.html]
[uptecra.com/wp-content/plugins/jetpack/_inc/blocks/send-a-message/index.html]
[uptecra.com/wp-content/plugins/jetpack/_inc/blocks/sharing-button/index.html]
[uptecra.com/wp-content/plugins/jetpack/_inc/blocks/sharing-buttons/index.html]
[uptecra.com/wp-content/plugins/jetpack/_inc/blocks/simple-payments/index.html]
[uptecra.com/wp-content/plugins/jetpack/_inc/blocks/slideshow/index.html]
[uptecra.com/wp-content/plugins/jetpack/_inc/blocks/story/index.html]
[uptecra.com/wp-content/plugins/jetpack/_inc/blocks/subscriber-login/index.html]
[uptecra.com/wp-content/plugins/jetpack/_inc/blocks/subscriptions/index.html]
[uptecra.com/wp-content/plugins/jetpack/_inc/blocks/swiper.css]
[uptecra.com/wp-content/plugins/jetpack/_inc/blocks/swiper.rtl.css]
[uptecra.com/wp-content/plugins/jetpack/_inc/blocks/tiled-gallery/index.html]
[uptecra.com/wp-content/plugins/jetpack/_inc/blocks/tock/index.html]
[uptecra.com/wp-content/plugins/jetpack/_inc/blocks/top-posts/index.html]
[uptecra.com/wp-content/plugins/jetpack/_inc/blocks/upgrade-nudge.html]
[uptecra.com/wp-content/plugins/jetpack/_inc/blocks/voice-to-content/index.html]
[uptecra.com/wp-content/plugins/jetpack/_inc/blocks/wordads/index.html]
[uptecra.com/index.php/yapay-zeka-destekli-nesne-takip/mainpage-en.html]
[uptecra.com/index.php/personel-takip/mainpage-en.html]
[uptecra.com/index.php/video-kimliksizlestirme/mainpage-en.html]
[uptecra.com/index.php/kurumsal-ai/mainpage-en.html]
[uptecra.com/index.php/yangin-takip/mainpage-en.html]
[uptecra.com/wp-content/plugins/jetpack/_inc/blocks/indexb70ab70a.html]
[uptecra.com/wp-content/plugins/jetpack/_inc/blocks/index72c972c9.html]
[uptecra.com/wp-content/plugins/jetpack/_inc/blocks/index58515851.html]
[uptecra.com/wp-content/plugins/jetpack/_inc/blocks/indexad3fad3f.html]
[uptecra.com/wp-content/plugins/jetpack/_inc/indexc052c052.html]
[uptecra.com/wp-content/plugins/jetpack/_inc/indexf8a0f8a0.html]
[uptecra.com/wp-content/plugins/jetpack/_inc/indexbfecbfec.html]
[uptecra.com/wp-content/plugins/jetpack/_inc/index30b530b5.html]
[uptecra.com/wp-content/plugins/jetpack/index.html]
[uptecra.com/wp-content/plugins/jetpack/_inc/accessible-focus.html]
[uptecra.com/wp-content/plugins/jetpack/_inc/blogging-prompts.html]
[uptecra.com/wp-content/plugins/jetpack/_inc/build/index.html]
[uptecra.com/wp-content/plugins/jetpack/_inc/class.jetpack-provision.html]
[uptecra.com/wp-content/plugins/jetpack/_inc/crowdsignal-shortcode.html]
[uptecra.com/wp-content/plugins/jetpack/_inc/crowdsignal-survey.html]
[uptecra.com/wp-content/plugins/jetpack/_inc/deprecate.html]
[uptecra.com/wp-content/plugins/jetpack/_inc/facebook-embed.html]
[uptecra.com/wp-content/plugins/jetpack/_inc/fonts/index.html]
[uptecra.com/wp-content/plugins/jetpack/_inc/gallery-settings.html]
[uptecra.com/wp-content/plugins/jetpack/_inc/genericons.html]
[uptecra.com/wp-content/plugins/jetpack/_inc/genericons/index.html]
[uptecra.com/wp-content/plugins/jetpack/_inc/jetpack-admin.html]
[uptecra.com/wp-content/plugins/jetpack/_inc/jetpack-deactivate-dialog.html]
[uptecra.com/wp-content/plugins/jetpack/_inc/jetpack-modules.html]
[uptecra.com/wp-content/plugins/jetpack/_inc/jetpack-modules.models.html]
[uptecra.com/wp-content/plugins/jetpack/_inc/jetpack-modules.views.html]
[uptecra.com/wp-content/plugins/jetpack/_inc/lib/index.html]
[uptecra.com/wp-content/plugins/jetpack/_inc/polldaddy-shortcode.html]
[uptecra.com/wp-content/plugins/jetpack/_inc/social-logos.html]
[uptecra.com/wp-content/plugins/jetpack/_inc/social-logos/index.html]
[uptecra.com/wp-content/plugins/jetpack/_inc/twitter-timeline.html]
[uptecra.com/wp-content/plugins/jetpack/_inc/blocks/ai-assistant/indexc052c052.html]
[uptecra.com/wp-content/plugins/jetpack/_inc/blocks/ai-assistant/indexf8a0f8a0.html]
[uptecra.com/wp-content/plugins/jetpack/_inc/blocks/ai-assistant/indexbfecbfec.html]
[uptecra.com/wp-content/plugins/jetpack/_inc/blocks/ai-assistant/index30b530b5.html]
[uptecra.com/wp-content/plugins/jetpack/_inc/blocks/ai-assistant/block.html]
[uptecra.com/wp-content/plugins/jetpack/_inc/blocks/ai-chat/indexc052c052.html]
[uptecra.com/wp-content/plugins/jetpack/_inc/blocks/ai-chat/indexf8a0f8a0.html]
[uptecra.com/wp-content/plugins/jetpack/_inc/blocks/ai-chat/indexbfecbfec.html]
[uptecra.com/wp-content/plugins/jetpack/_inc/blocks/ai-chat/index30b530b5.html]
[uptecra.com/wp-content/plugins/jetpack/_inc/blocks/ai-chat/block.html]
[uptecra.com/wp-content/plugins/jetpack/_inc/blocks/ai-chat/view.asset.html]
[uptecra.com/wp-content/plugins/jetpack/_inc/blocks/ai-chat/view.html]
[uptecra.com/wp-content/plugins/jetpack/_inc/blocks/ai-chat/view-2.html]
[uptecra.com/wp-content/plugins/jetpack/_inc/blocks/ai-chat/view.js.LICENSE.html]
[uptecra.com/wp-content/plugins/jetpack/_inc/blocks/ai-chat/view.rtl.html]
[uptecra.com/wp-content/plugins/jetpack/_inc/blocks/ai-image/indexc052c052.html]
[uptecra.com/wp-content/plugins/jetpack/_inc/blocks/ai-image/indexf8a0f8a0.html]
[uptecra.com/wp-content/plugins/jetpack/_inc/blocks/ai-image/indexbfecbfec.html]
[uptecra.com/wp-content/plugins/jetpack/_inc/blocks/ai-image/index30b530b5.html]
[uptecra.com/wp-content/plugins/jetpack/_inc/blocks/ai-image/block.html]
[uptecra.com/wp-content/plugins/jetpack/_inc/blocks/ai-paragraph/indexc052c052.html]
[uptecra.com/wp-content/plugins/jetpack/_inc/blocks/ai-paragraph/indexf8a0f8a0.html]
[uptecra.com/wp-content/plugins/jetpack/_inc/blocks/ai-paragraph/indexbfecbfec.html]
[uptecra.com/wp-content/plugins/jetpack/_inc/blocks/ai-paragraph/index30b530b5.html]
[uptecra.com/wp-content/plugins/jetpack/_inc/blocks/ai-paragraph/block.html]
[uptecra.com/wp-content/plugins/jetpack/_inc/blocks/blog-stats/indexc052c052.html]
[uptecra.com/wp-content/plugins/jetpack/_inc/blocks/blog-stats/indexf8a0f8a0.html]
[uptecra.com/wp-content/plugins/jetpack/_inc/blocks/blog-stats/indexbfecbfec.html]
[uptecra.com/wp-content/plugins/jetpack/_inc/blocks/blog-stats/index30b530b5.html]
[uptecra.com/wp-content/plugins/jetpack/_inc/blocks/blog-stats/block.html]
[uptecra.com/wp-content/plugins/jetpack/_inc/blocks/blogging-prompt/indexc052c052.html]
[uptecra.com/wp-content/plugins/jetpack/_inc/blocks/blogging-prompt/indexf8a0f8a0.html]
[uptecra.com/wp-content/plugins/jetpack/_inc/blocks/blogging-prompt/indexbfecbfec.html]
[uptecra.com/wp-content/plugins/jetpack/_inc/blocks/blogging-prompt/index30b530b5.html]
[uptecra.com/wp-content/plugins/jetpack/_inc/blocks/blogging-prompt/block.html]
[uptecra.com/wp-content/plugins/jetpack/_inc/blocks/blogging-prompt/view.asset.html]
[uptecra.com/wp-content/plugins/jetpack/_inc/blocks/blogging-prompt/view.html]
[uptecra.com/wp-content/plugins/jetpack/_inc/blocks/blogging-prompt/view-2.html]
[uptecra.com/wp-content/plugins/jetpack/_inc/blocks/blogging-prompt/view.rtl.html]
[uptecra.com/wp-content/plugins/jetpack/_inc/blocks/blogroll/indexc052c052.html]
[uptecra.com/wp-content/plugins/jetpack/_inc/blocks/blogroll/indexf8a0f8a0.html]
[uptecra.com/wp-content/plugins/jetpack/_inc/blocks/blogroll/indexbfecbfec.html]
[uptecra.com/wp-content/plugins/jetpack/_inc/blocks/blogroll/index30b530b5.html]
[uptecra.com/wp-content/plugins/jetpack/_inc/blocks/blogroll/block.html]
[uptecra.com/wp-content/plugins/jetpack/_inc/blocks/blogroll/view.asset.html]
[uptecra.com/wp-content/plugins/jetpack/_inc/blocks/blogroll/view.html]
[uptecra.com/wp-content/plugins/jetpack/_inc/blocks/blogroll/view-2.html]
[uptecra.com/wp-content/plugins/jetpack/_inc/blocks/blogroll/view.rtl.html]
[uptecra.com/wp-content/plugins/jetpack/_inc/blocks/business-hours/indexc052c052.html]
[uptecra.com/wp-content/plugins/jetpack/_inc/blocks/business-hours/indexf8a0f8a0.html]
[uptecra.com/wp-content/plugins/jetpack/_inc/blocks/business-hours/indexbfecbfec.html]
[uptecra.com/wp-content/plugins/jetpack/_inc/blocks/business-hours/index30b530b5.html]
[uptecra.com/wp-content/plugins/jetpack/_inc/blocks/business-hours/block.html]
[uptecra.com/wp-content/plugins/jetpack/_inc/blocks/business-hours/view.asset.html]
[uptecra.com/wp-content/plugins/jetpack/_inc/blocks/business-hours/view.html]
[uptecra.com/wp-content/plugins/jetpack/_inc/blocks/business-hours/view-2.html]
[uptecra.com/wp-content/plugins/jetpack/_inc/blocks/business-hours/view.rtl.html]
[uptecra.com/wp-content/plugins/jetpack/_inc/blocks/button/indexc052c052.html]
[uptecra.com/wp-content/plugins/jetpack/_inc/blocks/button/indexf8a0f8a0.html]
[uptecra.com/wp-content/plugins/jetpack/_inc/blocks/button/indexbfecbfec.html]
[uptecra.com/wp-content/plugins/jetpack/_inc/blocks/button/index30b530b5.html]
[uptecra.com/wp-content/plugins/jetpack/_inc/blocks/button/view.asset.html]
[uptecra.com/wp-content/plugins/jetpack/_inc/blocks/button/view.html]
[uptecra.com/wp-content/plugins/jetpack/_inc/blocks/button/view-2.html]
[uptecra.com/wp-content/plugins/jetpack/_inc/blocks/button/view.rtl.html]
[uptecra.com/wp-content/plugins/jetpack/_inc/blocks/calendly/indexc052c052.html]
[uptecra.com/wp-content/plugins/jetpack/_inc/blocks/calendly/indexf8a0f8a0.html]
[uptecra.com/wp-content/plugins/jetpack/_inc/blocks/calendly/indexbfecbfec.html]
[uptecra.com/wp-content/plugins/jetpack/_inc/blocks/calendly/index30b530b5.html]
[uptecra.com/wp-content/plugins/jetpack/_inc/blocks/calendly/block.html]
[uptecra.com/wp-content/plugins/jetpack/_inc/blocks/calendly/view.asset.html]
[uptecra.com/wp-content/plugins/jetpack/_inc/blocks/calendly/view.html]
[uptecra.com/wp-content/plugins/jetpack/_inc/blocks/calendly/view-2.html]
[uptecra.com/wp-content/plugins/jetpack/_inc/blocks/calendly/view.rtl.html]
[uptecra.com/wp-content/plugins/jetpack/_inc/blocks/contact-info/indexc052c052.html]
[uptecra.com/wp-content/plugins/jetpack/_inc/blocks/contact-info/indexf8a0f8a0.html]
[uptecra.com/wp-content/plugins/jetpack/_inc/blocks/contact-info/indexbfecbfec.html]
[uptecra.com/wp-content/plugins/jetpack/_inc/blocks/contact-info/index30b530b5.html]
[uptecra.com/wp-content/plugins/jetpack/_inc/blocks/contact-info/block.html]
[uptecra.com/wp-content/plugins/jetpack/_inc/blocks/contact-info/view.asset.html]
[uptecra.com/wp-content/plugins/jetpack/_inc/blocks/contact-info/view.html]
[uptecra.com/wp-content/plugins/jetpack/_inc/blocks/contact-info/view-2.html]
[uptecra.com/wp-content/plugins/jetpack/_inc/blocks/contact-info/view.rtl.html]
[uptecra.com/wp-content/plugins/jetpack/_inc/blocks/cookie-consent/indexc052c052.html]
[uptecra.com/wp-content/plugins/jetpack/_inc/blocks/cookie-consent/indexf8a0f8a0.html]
[uptecra.com/wp-content/plugins/jetpack/_inc/blocks/cookie-consent/indexbfecbfec.html]
[uptecra.com/wp-content/plugins/jetpack/_inc/blocks/cookie-consent/index30b530b5.html]
[uptecra.com/wp-content/plugins/jetpack/_inc/blocks/cookie-consent/block.html]
[uptecra.com/wp-content/plugins/jetpack/_inc/blocks/cookie-consent/view.asset.html]
[uptecra.com/wp-content/plugins/jetpack/_inc/blocks/cookie-consent/view.html]
[uptecra.com/wp-content/plugins/jetpack/_inc/blocks/cookie-consent/view-2.html]
[uptecra.com/wp-content/plugins/jetpack/_inc/blocks/cookie-consent/view.rtl.html]
[uptecra.com/wp-content/plugins/jetpack/_inc/blocks/donations/indexc052c052.html]
[uptecra.com/wp-content/plugins/jetpack/_inc/blocks/donations/indexf8a0f8a0.html]
[uptecra.com/wp-content/plugins/jetpack/_inc/blocks/donations/indexbfecbfec.html]
[uptecra.com/wp-content/plugins/jetpack/_inc/blocks/donations/index30b530b5.html]
[uptecra.com/wp-content/plugins/jetpack/_inc/blocks/donations/block.html]
[uptecra.com/wp-content/plugins/jetpack/_inc/blocks/donations/view.asset.html]
[uptecra.com/wp-content/plugins/jetpack/_inc/blocks/donations/view.html]
[uptecra.com/wp-content/plugins/jetpack/_inc/blocks/donations/view-2.html]
[uptecra.com/wp-content/plugins/jetpack/_inc/blocks/donations/view.js.LICENSE.html]
[uptecra.com/wp-content/plugins/jetpack/_inc/blocks/donations/view.rtl.html]
[uptecra.com/wp-content/plugins/jetpack/_inc/blocks/editor-assets/indexc052c052.html]
[uptecra.com/wp-content/plugins/jetpack/_inc/blocks/editor-assets/indexf8a0f8a0.html]
[uptecra.com/wp-content/plugins/jetpack/_inc/blocks/editor-assets/indexbfecbfec.html]
[uptecra.com/wp-content/plugins/jetpack/_inc/blocks/editor-assets/index30b530b5.html]
[uptecra.com/wp-content/plugins/jetpack/_inc/blocks/editor-assets/mapbox-gl-1.13.0.html]
[uptecra.com/wp-content/plugins/jetpack/_inc/blocks/editor-assets/mapbox-gl-1.13.0-2.html]
[uptecra.com/wp-content/plugins/jetpack/_inc/blocks/images/check-8b35625dac6b0108ee30.html]
[uptecra.com/wp-content/plugins/jetpack/_inc/blocks/images/icon-cd4e9ecf53fadf95246d.html]
[uptecra.com/wp-content/plugins/jetpack/_inc/blocks/images/bloganuary-icon-20e07d1c81f21708f183.html]
[uptecra.com/wp-content/plugins/jetpack/_inc/blocks/images/oval-5f1d889983a8747472c7.html]
[uptecra.com/wp-content/plugins/jetpack/_inc/blocks/eventbrite/indexc052c052.html]
[uptecra.com/wp-content/plugins/jetpack/_inc/blocks/eventbrite/indexf8a0f8a0.html]
[uptecra.com/wp-content/plugins/jetpack/_inc/blocks/eventbrite/indexbfecbfec.html]
[uptecra.com/wp-content/plugins/jetpack/_inc/blocks/eventbrite/index30b530b5.html]
[uptecra.com/wp-content/plugins/jetpack/_inc/blocks/eventbrite/block.html]
[uptecra.com/wp-content/plugins/jetpack/_inc/blocks/eventbrite/view.asset.html]
[uptecra.com/wp-content/plugins/jetpack/_inc/blocks/eventbrite/view.html]
[uptecra.com/wp-content/plugins/jetpack/_inc/blocks/eventbrite/view-2.html]
[uptecra.com/wp-content/plugins/jetpack/_inc/blocks/eventbrite/view.rtl.html]
[uptecra.com/wp-content/plugins/jetpack/_inc/blocks/gif/indexc052c052.html]
[uptecra.com/wp-content/plugins/jetpack/_inc/blocks/gif/indexf8a0f8a0.html]
[uptecra.com/wp-content/plugins/jetpack/_inc/blocks/gif/indexbfecbfec.html]
[uptecra.com/wp-content/plugins/jetpack/_inc/blocks/gif/index30b530b5.html]
[uptecra.com/wp-content/plugins/jetpack/_inc/blocks/gif/block.html]
[uptecra.com/wp-content/plugins/jetpack/_inc/blocks/gif/view.asset.html]
[uptecra.com/wp-content/plugins/jetpack/_inc/blocks/gif/view.html]
[uptecra.com/wp-content/plugins/jetpack/_inc/blocks/gif/view-2.html]
[uptecra.com/wp-content/plugins/jetpack/_inc/blocks/gif/view.rtl.html]
[uptecra.com/wp-content/plugins/jetpack/_inc/blocks/goodreads/indexc052c052.html]
[uptecra.com/wp-content/plugins/jetpack/_inc/blocks/goodreads/indexf8a0f8a0.html]
[uptecra.com/wp-content/plugins/jetpack/_inc/blocks/goodreads/indexbfecbfec.html]
[uptecra.com/wp-content/plugins/jetpack/_inc/blocks/goodreads/index30b530b5.html]
[uptecra.com/wp-content/plugins/jetpack/_inc/blocks/goodreads/block.html]
[uptecra.com/wp-content/plugins/jetpack/_inc/blocks/goodreads/view.asset.html]
[uptecra.com/wp-content/plugins/jetpack/_inc/blocks/goodreads/view.html]
[uptecra.com/wp-content/plugins/jetpack/_inc/blocks/goodreads/view-2.html]
[uptecra.com/wp-content/plugins/jetpack/_inc/blocks/goodreads/view.rtl.html]
[uptecra.com/wp-content/plugins/jetpack/_inc/blocks/google-calendar/indexc052c052.html]
[uptecra.com/wp-content/plugins/jetpack/_inc/blocks/google-calendar/indexf8a0f8a0.html]
[uptecra.com/wp-content/plugins/jetpack/_inc/blocks/google-calendar/indexbfecbfec.html]
[uptecra.com/wp-content/plugins/jetpack/_inc/blocks/google-calendar/index30b530b5.html]
[uptecra.com/wp-content/plugins/jetpack/_inc/blocks/google-calendar/block.html]
[uptecra.com/wp-content/plugins/jetpack/_inc/blocks/google-calendar/view.asset.html]
[uptecra.com/wp-content/plugins/jetpack/_inc/blocks/google-calendar/view.html]
[uptecra.com/wp-content/plugins/jetpack/_inc/blocks/google-calendar/view-2.html]
[uptecra.com/wp-content/plugins/jetpack/_inc/blocks/google-calendar/view.rtl.html]
[uptecra.com/wp-content/plugins/jetpack/_inc/blocks/google-docs-embed/indexc052c052.html]
[uptecra.com/wp-content/plugins/jetpack/_inc/blocks/google-docs-embed/indexf8a0f8a0.html]
[uptecra.com/wp-content/plugins/jetpack/_inc/blocks/google-docs-embed/indexbfecbfec.html]
[uptecra.com/wp-content/plugins/jetpack/_inc/blocks/google-docs-embed/index30b530b5.html]
[uptecra.com/wp-content/plugins/jetpack/_inc/blocks/google-docs-embed/block.html]
[uptecra.com/wp-content/plugins/jetpack/_inc/blocks/google-docs-embed/view.asset.html]
[uptecra.com/wp-content/plugins/jetpack/_inc/blocks/google-docs-embed/view.html]
[uptecra.com/wp-content/plugins/jetpack/_inc/blocks/google-docs-embed/view-2.html]
[uptecra.com/wp-content/plugins/jetpack/_inc/blocks/google-docs-embed/view.rtl.html]
[uptecra.com/wp-content/plugins/jetpack/_inc/blocks/image-compare/indexc052c052.html]
[uptecra.com/wp-content/plugins/jetpack/_inc/blocks/image-compare/indexf8a0f8a0.html]
[uptecra.com/wp-content/plugins/jetpack/_inc/blocks/image-compare/indexbfecbfec.html]
[uptecra.com/wp-content/plugins/jetpack/_inc/blocks/image-compare/index30b530b5.html]
[uptecra.com/wp-content/plugins/jetpack/_inc/blocks/image-compare/block.html]
[uptecra.com/wp-content/plugins/jetpack/_inc/blocks/image-compare/view.asset.html]
[uptecra.com/wp-content/plugins/jetpack/_inc/blocks/image-compare/view.html]
[uptecra.com/wp-content/plugins/jetpack/_inc/blocks/image-compare/view-2.html]
[uptecra.com/wp-content/plugins/jetpack/_inc/blocks/image-compare/view.rtl.html]
[uptecra.com/wp-content/plugins/jetpack/_inc/blocks/images/indexc052c052.html]
[uptecra.com/wp-content/plugins/jetpack/_inc/blocks/images/indexf8a0f8a0.html]
[uptecra.com/wp-content/plugins/jetpack/_inc/blocks/images/indexbfecbfec.html]
[uptecra.com/wp-content/plugins/jetpack/_inc/blocks/images/index30b530b5.html]
[uptecra.com/icons/image2.html]
[uptecra.com/wp-content/plugins/jetpack/_inc/blocks/images/avatar1-6287ee7ccb96c6112ed7.html]
[uptecra.com/wp-content/plugins/jetpack/_inc/blocks/images/avatar2-346c588dba138c82e44c.html]
[uptecra.com/wp-content/plugins/jetpack/_inc/blocks/images/avatar3-dce9c36819878a1bf60c.html]
[uptecra.com/wp-content/plugins/jetpack/_inc/blocks/images/connections-facebook-03b8bce6abd7bc00d150.html]
[uptecra.com/wp-content/plugins/jetpack/_inc/blocks/images/connections-instagram-business-02b13c6f259ed76ed147.html]
[uptecra.com/wp-content/plugins/jetpack/_inc/blocks/images/connections-linkedin-8eb17cdcd3fa4f80c501.html]
[uptecra.com/wp-content/plugins/jetpack/_inc/blocks/images/connections-nextdoor-2657489bfff7220ad540.html]
[uptecra.com/wp-content/plugins/jetpack/_inc/blocks/images/connections-threads-5c7128de4925906b6d4a.html]
[uptecra.com/wp-content/plugins/jetpack/_inc/blocks/images/connections-tumblr-e4db652e14ad0bda07f2.html]
[uptecra.com/wp-content/plugins/jetpack/_inc/blocks/images/dois-66b3f018328e8f585646.html]
[uptecra.com/wp-content/plugins/jetpack/_inc/blocks/images/edge-e1adff73f2dc1c1dc64e.html]
[uptecra.com/wp-content/plugins/jetpack/_inc/blocks/images/email-preview-illustration-dd7b9072ff61acd7f247.html]
[uptecra.com/wp-content/plugins/jetpack/_inc/blocks/images/eventbrite-in-page-example-c351ec80e4dd5d39433d.html]
[uptecra.com/wp-content/plugins/jetpack/_inc/blocks/images/example_160x600-ccbc594f54431dafa70d.html]
[uptecra.com/wp-content/plugins/jetpack/_inc/blocks/images/example_300x250-5b93e8174f02d48c40b7.html]
[uptecra.com/wp-content/plugins/jetpack/_inc/blocks/images/example_320x50-7110edf045141630a222.html]
[uptecra.com/wp-content/plugins/jetpack/_inc/blocks/images/example_728x90-d9de384932330b92e1c3.html]
[uptecra.com/wp-content/plugins/jetpack/_inc/blocks/images/fullscreen-21ca1ee2bafcb1c8eb55.html]
[uptecra.com/wp-content/plugins/jetpack/_inc/blocks/images/highway-205f94656e2fcc4aeb86.html]
[uptecra.com/wp-content/plugins/jetpack/_inc/blocks/images/img-example-after-d6db862c442c24ad1c63.html]
[uptecra.com/wp-content/plugins/jetpack/_inc/blocks/images/img-example-before-4592b4656108c1429614.html]
[uptecra.com/wp-content/plugins/jetpack/_inc/blocks/images/map-preview-97bda80ebb6981457630.html]
[uptecra.com/wp-content/plugins/jetpack/_inc/blocks/images/map-theme_black_and_white-b6ad81a7dd09d09fb34d.html]
[uptecra.com/wp-content/plugins/jetpack/_inc/blocks/images/map-theme_black_and_white_mapkit-50e9383d59f6ad6a44ed.html]
[uptecra.com/wp-content/plugins/jetpack/_inc/blocks/images/map-theme_default-b53ccdf170e5ac873ff0.html]
[uptecra.com/wp-content/plugins/jetpack/_inc/blocks/images/map-theme_default_mapkit-0ed10cab18f62edff74e.html]
[uptecra.com/wp-content/plugins/jetpack/_inc/blocks/images/map-theme_satellite-cc50c608e244f90d18dc.html]
[uptecra.com/wp-content/plugins/jetpack/_inc/blocks/images/map-theme_satellite_mapkit-6062205f7c3804fae12c.html]
[uptecra.com/wp-content/plugins/jetpack/_inc/blocks/images/map-theme_terrain-ac291441b3461820747d.html]
[uptecra.com/wp-content/plugins/jetpack/_inc/blocks/images/paypal-button-2x-62cd99bcc3acbd1ff504.html]
[uptecra.com/wp-content/plugins/jetpack/_inc/blocks/images/paypal-button-a51d6c3207b0a904edb7.html]
[uptecra.com/wp-content/plugins/jetpack/_inc/blocks/images/placeholder-site-icon-5bb955c1d041bc2adfc9.html]
[uptecra.com/wp-content/plugins/jetpack/_inc/blocks/images/slideshow_example-1-07a3f164621235df0419.html]
[uptecra.com/wp-content/plugins/jetpack/_inc/blocks/images/slideshow_example-2-2ee401e47066229bdac5.html]
[uptecra.com/wp-content/plugins/jetpack/_inc/blocks/images/slideshow_example-3-0682afca66c485f17ff6.html]
[uptecra.com/wp-content/plugins/jetpack/_inc/blocks/images/story_example-1-716db2e4f5a074d302f7.html]
[uptecra.com/wp-content/plugins/jetpack/_inc/blocks/images/tiled-gallery_example-1-d2817eb0e669267ab3eb.html]
[uptecra.com/wp-content/plugins/jetpack/_inc/blocks/images/tiled-gallery_example-2-7d8f0cf8e262f0112691.html]
[uptecra.com/wp-content/plugins/jetpack/_inc/blocks/images/tiled-gallery_example-3-07a3f164621235df0419.html]
[uptecra.com/wp-content/plugins/jetpack/_inc/blocks/images/tiled-gallery_example-4-2ee401e47066229bdac5.html]
[uptecra.com/wp-content/plugins/jetpack/_inc/blocks/images/tiled-gallery_example-5-a1935fd9cf1181168d90.html]
[uptecra.com/wp-content/plugins/jetpack/_inc/blocks/images/tiled-gallery_example-6-9f9d39c6af0fb4b0d99c.html]
[uptecra.com/wp-content/plugins/jetpack/_inc/blocks/images/videopress-block-example-image-da9ef73787adca8896f2.html]
[uptecra.com/wp-content/plugins/jetpack/_inc/blocks/instagram-gallery/indexc052c052.html]
[uptecra.com/wp-content/plugins/jetpack/_inc/blocks/instagram-gallery/indexf8a0f8a0.html]
[uptecra.com/wp-content/plugins/jetpack/_inc/blocks/instagram-gallery/indexbfecbfec.html]
[uptecra.com/wp-content/plugins/jetpack/_inc/blocks/instagram-gallery/index30b530b5.html]
[uptecra.com/wp-content/plugins/jetpack/_inc/blocks/instagram-gallery/block.html]
[uptecra.com/wp-content/plugins/jetpack/_inc/blocks/instagram-gallery/view.asset.html]
[uptecra.com/wp-content/plugins/jetpack/_inc/blocks/instagram-gallery/view.html]
[uptecra.com/wp-content/plugins/jetpack/_inc/blocks/instagram-gallery/view-2.html]
[uptecra.com/wp-content/plugins/jetpack/_inc/blocks/instagram-gallery/view.rtl.html]
[uptecra.com/wp-content/plugins/jetpack/_inc/blocks/like/indexc052c052.html]
[uptecra.com/wp-content/plugins/jetpack/_inc/blocks/like/indexf8a0f8a0.html]
[uptecra.com/wp-content/plugins/jetpack/_inc/blocks/like/indexbfecbfec.html]
[uptecra.com/wp-content/plugins/jetpack/_inc/blocks/like/index30b530b5.html]
[uptecra.com/wp-content/plugins/jetpack/_inc/blocks/like/block.html]
[uptecra.com/wp-content/plugins/jetpack/_inc/blocks/mailchimp/indexc052c052.html]
[uptecra.com/wp-content/plugins/jetpack/_inc/blocks/mailchimp/indexf8a0f8a0.html]
[uptecra.com/wp-content/plugins/jetpack/_inc/blocks/mailchimp/indexbfecbfec.html]
[uptecra.com/wp-content/plugins/jetpack/_inc/blocks/mailchimp/index30b530b5.html]
[uptecra.com/wp-content/plugins/jetpack/_inc/blocks/mailchimp/block.html]
[uptecra.com/wp-content/plugins/jetpack/_inc/blocks/mailchimp/view.asset.html]
[uptecra.com/wp-content/plugins/jetpack/_inc/blocks/mailchimp/view.html]
[uptecra.com/wp-content/plugins/jetpack/_inc/blocks/mailchimp/view-2.html]
[uptecra.com/wp-content/plugins/jetpack/_inc/blocks/mailchimp/view.rtl.html]
[uptecra.com/wp-content/plugins/jetpack/_inc/blocks/map/indexc052c052.html]
[uptecra.com/wp-content/plugins/jetpack/_inc/blocks/map/indexf8a0f8a0.html]
[uptecra.com/wp-content/plugins/jetpack/_inc/blocks/map/indexbfecbfec.html]
[uptecra.com/wp-content/plugins/jetpack/_inc/blocks/map/index30b530b5.html]
[uptecra.com/wp-content/plugins/jetpack/_inc/blocks/map/block.html]
[uptecra.com/wp-content/plugins/jetpack/_inc/blocks/map/view.asset.html]
[uptecra.com/wp-content/plugins/jetpack/_inc/blocks/map/view.html]
[uptecra.com/wp-content/plugins/jetpack/_inc/blocks/map/view-2.html]
[uptecra.com/wp-content/plugins/jetpack/_inc/blocks/map/view.rtl.html]
[uptecra.com/wp-content/plugins/jetpack/_inc/blocks/markdown/indexc052c052.html]
[uptecra.com/wp-content/plugins/jetpack/_inc/blocks/markdown/indexf8a0f8a0.html]
[uptecra.com/wp-content/plugins/jetpack/_inc/blocks/markdown/indexbfecbfec.html]
[uptecra.com/wp-content/plugins/jetpack/_inc/blocks/markdown/index30b530b5.html]
[uptecra.com/wp-content/plugins/jetpack/_inc/blocks/markdown/block.html]
[uptecra.com/wp-content/plugins/jetpack/_inc/blocks/nextdoor/indexc052c052.html]
[uptecra.com/wp-content/plugins/jetpack/_inc/blocks/nextdoor/indexf8a0f8a0.html]
[uptecra.com/wp-content/plugins/jetpack/_inc/blocks/nextdoor/indexbfecbfec.html]
[uptecra.com/wp-content/plugins/jetpack/_inc/blocks/nextdoor/index30b530b5.html]
[uptecra.com/wp-content/plugins/jetpack/_inc/blocks/nextdoor/block.html]
[uptecra.com/wp-content/plugins/jetpack/_inc/blocks/nextdoor/view.asset.html]
[uptecra.com/wp-content/plugins/jetpack/_inc/blocks/nextdoor/view.html]
[uptecra.com/wp-content/plugins/jetpack/_inc/blocks/opentable/indexc052c052.html]
[uptecra.com/wp-content/plugins/jetpack/_inc/blocks/opentable/indexf8a0f8a0.html]
[uptecra.com/wp-content/plugins/jetpack/_inc/blocks/opentable/indexbfecbfec.html]
[uptecra.com/wp-content/plugins/jetpack/_inc/blocks/opentable/index30b530b5.html]
[uptecra.com/wp-content/plugins/jetpack/_inc/blocks/opentable/block.html]
[uptecra.com/wp-content/plugins/jetpack/_inc/blocks/opentable/view.asset.html]
[uptecra.com/wp-content/plugins/jetpack/_inc/blocks/opentable/view.html]
[uptecra.com/wp-content/plugins/jetpack/_inc/blocks/opentable/view-2.html]
[uptecra.com/wp-content/plugins/jetpack/_inc/blocks/opentable/view.rtl.html]
[uptecra.com/wp-content/plugins/jetpack/_inc/blocks/payment-buttons/indexc052c052.html]
[uptecra.com/wp-content/plugins/jetpack/_inc/blocks/payment-buttons/indexf8a0f8a0.html]
[uptecra.com/wp-content/plugins/jetpack/_inc/blocks/payment-buttons/indexbfecbfec.html]
[uptecra.com/wp-content/plugins/jetpack/_inc/blocks/payment-buttons/index30b530b5.html]
[uptecra.com/wp-content/plugins/jetpack/_inc/blocks/payment-buttons/block.html]
[uptecra.com/wp-content/plugins/jetpack/_inc/blocks/payment-buttons/view.asset.html]
[uptecra.com/wp-content/plugins/jetpack/_inc/blocks/payment-buttons/view.html]
[uptecra.com/wp-content/plugins/jetpack/_inc/blocks/payment-buttons/view-2.html]
[uptecra.com/wp-content/plugins/jetpack/_inc/blocks/payment-buttons/view.rtl.html]
[uptecra.com/wp-content/plugins/jetpack/_inc/blocks/payments-intro/indexc052c052.html]
[uptecra.com/wp-content/plugins/jetpack/_inc/blocks/payments-intro/indexf8a0f8a0.html]
[uptecra.com/wp-content/plugins/jetpack/_inc/blocks/payments-intro/indexbfecbfec.html]
[uptecra.com/wp-content/plugins/jetpack/_inc/blocks/payments-intro/index30b530b5.html]
[uptecra.com/wp-content/plugins/jetpack/_inc/blocks/payments-intro/block.html]
[uptecra.com/wp-content/plugins/jetpack/_inc/blocks/paywall/indexc052c052.html]
[uptecra.com/wp-content/plugins/jetpack/_inc/blocks/paywall/indexf8a0f8a0.html]
[uptecra.com/wp-content/plugins/jetpack/_inc/blocks/paywall/indexbfecbfec.html]
[uptecra.com/wp-content/plugins/jetpack/_inc/blocks/paywall/index30b530b5.html]
[uptecra.com/wp-content/plugins/jetpack/_inc/blocks/paywall/block.html]
[uptecra.com/wp-content/plugins/jetpack/_inc/blocks/pinterest/indexc052c052.html]
[uptecra.com/wp-content/plugins/jetpack/_inc/blocks/pinterest/indexf8a0f8a0.html]
[uptecra.com/wp-content/plugins/jetpack/_inc/blocks/pinterest/indexbfecbfec.html]
[uptecra.com/wp-content/plugins/jetpack/_inc/blocks/pinterest/index30b530b5.html]
[uptecra.com/wp-content/plugins/jetpack/_inc/blocks/pinterest/block.html]
[uptecra.com/wp-content/plugins/jetpack/_inc/blocks/podcast-player/indexc052c052.html]
[uptecra.com/wp-content/plugins/jetpack/_inc/blocks/podcast-player/indexf8a0f8a0.html]
[uptecra.com/wp-content/plugins/jetpack/_inc/blocks/podcast-player/indexbfecbfec.html]
[uptecra.com/wp-content/plugins/jetpack/_inc/blocks/podcast-player/index30b530b5.html]
[uptecra.com/wp-content/plugins/jetpack/_inc/blocks/podcast-player/block.html]
[uptecra.com/wp-content/plugins/jetpack/_inc/blocks/podcast-player/view.asset.html]
[uptecra.com/wp-content/plugins/jetpack/_inc/blocks/podcast-player/view.html]
[uptecra.com/wp-content/plugins/jetpack/_inc/blocks/podcast-player/view-2.html]
[uptecra.com/wp-content/plugins/jetpack/_inc/blocks/podcast-player/view.js.LICENSE.html]
[uptecra.com/wp-content/plugins/jetpack/_inc/blocks/podcast-player/view.rtl.html]
[uptecra.com/wp-content/plugins/jetpack/_inc/blocks/premium-content/indexc052c052.html]
[uptecra.com/wp-content/plugins/jetpack/_inc/blocks/premium-content/indexf8a0f8a0.html]
[uptecra.com/wp-content/plugins/jetpack/_inc/blocks/premium-content/indexbfecbfec.html]
[uptecra.com/wp-content/plugins/jetpack/_inc/blocks/premium-content/index30b530b5.html]
[uptecra.com/wp-content/plugins/jetpack/_inc/blocks/premium-content/block.html]
[uptecra.com/wp-content/plugins/jetpack/_inc/blocks/premium-content/view.asset.html]
[uptecra.com/wp-content/plugins/jetpack/_inc/blocks/premium-content/view.html]
[uptecra.com/wp-content/plugins/jetpack/_inc/blocks/premium-content/view-2.html]
[uptecra.com/wp-content/plugins/jetpack/_inc/blocks/premium-content/view.rtl.html]
[uptecra.com/wp-content/plugins/jetpack/_inc/blocks/rating-star/indexc052c052.html]
[uptecra.com/wp-content/plugins/jetpack/_inc/blocks/rating-star/indexf8a0f8a0.html]
[uptecra.com/wp-content/plugins/jetpack/_inc/blocks/rating-star/indexbfecbfec.html]
[uptecra.com/wp-content/plugins/jetpack/_inc/blocks/rating-star/index30b530b5.html]
[uptecra.com/wp-content/plugins/jetpack/_inc/blocks/rating-star/block.html]
[uptecra.com/wp-content/plugins/jetpack/_inc/blocks/rating-star/view.asset.html]
[uptecra.com/wp-content/plugins/jetpack/_inc/blocks/rating-star/view.html]
[uptecra.com/wp-content/plugins/jetpack/_inc/blocks/rating-star/view-2.html]
[uptecra.com/wp-content/plugins/jetpack/_inc/blocks/rating-star/view.rtl.html]
[uptecra.com/wp-content/plugins/jetpack/_inc/blocks/recipe/indexc052c052.html]
[uptecra.com/wp-content/plugins/jetpack/_inc/blocks/recipe/indexf8a0f8a0.html]
[uptecra.com/wp-content/plugins/jetpack/_inc/blocks/recipe/indexbfecbfec.html]
[uptecra.com/wp-content/plugins/jetpack/_inc/blocks/recipe/index30b530b5.html]
[uptecra.com/wp-content/plugins/jetpack/_inc/blocks/recipe/block.html]
[uptecra.com/wp-content/plugins/jetpack/_inc/blocks/recipe/view.asset.html]
[uptecra.com/wp-content/plugins/jetpack/_inc/blocks/recipe/view.html]
[uptecra.com/wp-content/plugins/jetpack/_inc/blocks/recipe/view-2.html]
[uptecra.com/wp-content/plugins/jetpack/_inc/blocks/recipe/view.rtl.html]
[uptecra.com/wp-content/plugins/jetpack/_inc/blocks/recurring-payments/indexc052c052.html]
[uptecra.com/wp-content/plugins/jetpack/_inc/blocks/recurring-payments/indexf8a0f8a0.html]
[uptecra.com/wp-content/plugins/jetpack/_inc/blocks/recurring-payments/indexbfecbfec.html]
[uptecra.com/wp-content/plugins/jetpack/_inc/blocks/recurring-payments/index30b530b5.html]
[uptecra.com/wp-content/plugins/jetpack/_inc/blocks/recurring-payments/block.html]
[uptecra.com/wp-content/plugins/jetpack/_inc/blocks/recurring-payments/view.asset.html]
[uptecra.com/wp-content/plugins/jetpack/_inc/blocks/recurring-payments/view.html]
[uptecra.com/wp-content/plugins/jetpack/_inc/blocks/recurring-payments/view-2.html]
[uptecra.com/wp-content/plugins/jetpack/_inc/blocks/recurring-payments/view.rtl.html]
[uptecra.com/wp-content/plugins/jetpack/_inc/blocks/related-posts/indexc052c052.html]
[uptecra.com/wp-content/plugins/jetpack/_inc/blocks/related-posts/indexf8a0f8a0.html]
[uptecra.com/wp-content/plugins/jetpack/_inc/blocks/related-posts/indexbfecbfec.html]
[uptecra.com/wp-content/plugins/jetpack/_inc/blocks/related-posts/index30b530b5.html]
[uptecra.com/wp-content/plugins/jetpack/_inc/blocks/related-posts/block.html]
[uptecra.com/wp-content/plugins/jetpack/_inc/blocks/repeat-visitor/indexc052c052.html]
[uptecra.com/wp-content/plugins/jetpack/_inc/blocks/repeat-visitor/indexf8a0f8a0.html]
[uptecra.com/wp-content/plugins/jetpack/_inc/blocks/repeat-visitor/indexbfecbfec.html]
[uptecra.com/wp-content/plugins/jetpack/_inc/blocks/repeat-visitor/index30b530b5.html]
[uptecra.com/wp-content/plugins/jetpack/_inc/blocks/repeat-visitor/block.html]
[uptecra.com/wp-content/plugins/jetpack/_inc/blocks/repeat-visitor/view.asset.html]
[uptecra.com/wp-content/plugins/jetpack/_inc/blocks/repeat-visitor/view.html]
[uptecra.com/wp-content/plugins/jetpack/_inc/blocks/repeat-visitor/view.js.LICENSE.html]
[uptecra.com/wp-content/plugins/jetpack/_inc/blocks/send-a-message/indexc052c052.html]
[uptecra.com/wp-content/plugins/jetpack/_inc/blocks/send-a-message/indexf8a0f8a0.html]
[uptecra.com/wp-content/plugins/jetpack/_inc/blocks/send-a-message/indexbfecbfec.html]
[uptecra.com/wp-content/plugins/jetpack/_inc/blocks/send-a-message/index30b530b5.html]
[uptecra.com/wp-content/plugins/jetpack/_inc/blocks/send-a-message/block.html]
[uptecra.com/wp-content/plugins/jetpack/_inc/blocks/send-a-message/view.asset.html]
[uptecra.com/wp-content/plugins/jetpack/_inc/blocks/send-a-message/view.html]
[uptecra.com/wp-content/plugins/jetpack/_inc/blocks/send-a-message/view-2.html]
[uptecra.com/wp-content/plugins/jetpack/_inc/blocks/send-a-message/view.rtl.html]
[uptecra.com/wp-content/plugins/jetpack/_inc/blocks/sharing-button/indexc052c052.html]
[uptecra.com/wp-content/plugins/jetpack/_inc/blocks/sharing-button/indexf8a0f8a0.html]
[uptecra.com/wp-content/plugins/jetpack/_inc/blocks/sharing-button/indexbfecbfec.html]
[uptecra.com/wp-content/plugins/jetpack/_inc/blocks/sharing-button/index30b530b5.html]
[uptecra.com/wp-content/plugins/jetpack/_inc/blocks/sharing-button/block.html]
[uptecra.com/wp-content/plugins/jetpack/_inc/blocks/sharing-button/view.asset.html]
[uptecra.com/wp-content/plugins/jetpack/_inc/blocks/sharing-button/view.html]
[uptecra.com/wp-content/plugins/jetpack/_inc/blocks/sharing-button/view-2.html]
[uptecra.com/wp-content/plugins/jetpack/_inc/blocks/sharing-button/view.rtl.html]
[uptecra.com/wp-content/plugins/jetpack/_inc/blocks/sharing-buttons/indexc052c052.html]
[uptecra.com/wp-content/plugins/jetpack/_inc/blocks/sharing-buttons/indexf8a0f8a0.html]
[uptecra.com/wp-content/plugins/jetpack/_inc/blocks/sharing-buttons/indexbfecbfec.html]
[uptecra.com/wp-content/plugins/jetpack/_inc/blocks/sharing-buttons/index30b530b5.html]
[uptecra.com/wp-content/plugins/jetpack/_inc/blocks/sharing-buttons/block.html]
[uptecra.com/wp-content/plugins/jetpack/_inc/blocks/sharing-buttons/view.asset.html]
[uptecra.com/wp-content/plugins/jetpack/_inc/blocks/sharing-buttons/view.html]
[uptecra.com/wp-content/plugins/jetpack/_inc/blocks/sharing-buttons/view-2.html]
[uptecra.com/wp-content/plugins/jetpack/_inc/blocks/sharing-buttons/view.rtl.html]
[uptecra.com/wp-content/plugins/jetpack/_inc/blocks/simple-payments/indexc052c052.html]
[uptecra.com/wp-content/plugins/jetpack/_inc/blocks/simple-payments/indexf8a0f8a0.html]
[uptecra.com/wp-content/plugins/jetpack/_inc/blocks/simple-payments/indexbfecbfec.html]
[uptecra.com/wp-content/plugins/jetpack/_inc/blocks/simple-payments/index30b530b5.html]
[uptecra.com/wp-content/plugins/jetpack/_inc/blocks/simple-payments/block.html]
[uptecra.com/wp-content/plugins/jetpack/_inc/blocks/slideshow/indexc052c052.html]
[uptecra.com/wp-content/plugins/jetpack/_inc/blocks/slideshow/indexf8a0f8a0.html]
[uptecra.com/wp-content/plugins/jetpack/_inc/blocks/slideshow/indexbfecbfec.html]
[uptecra.com/wp-content/plugins/jetpack/_inc/blocks/slideshow/index30b530b5.html]
[uptecra.com/wp-content/plugins/jetpack/_inc/blocks/slideshow/block.html]
[uptecra.com/wp-content/plugins/jetpack/_inc/blocks/slideshow/view.asset.html]
[uptecra.com/wp-content/plugins/jetpack/_inc/blocks/slideshow/view.html]
[uptecra.com/wp-content/plugins/jetpack/_inc/blocks/slideshow/view-2.html]
[uptecra.com/wp-content/plugins/jetpack/_inc/blocks/slideshow/view.rtl.html]
[uptecra.com/wp-content/plugins/jetpack/_inc/blocks/story/indexc052c052.html]
[uptecra.com/wp-content/plugins/jetpack/_inc/blocks/story/indexf8a0f8a0.html]
[uptecra.com/wp-content/plugins/jetpack/_inc/blocks/story/indexbfecbfec.html]
[uptecra.com/wp-content/plugins/jetpack/_inc/blocks/story/index30b530b5.html]
[uptecra.com/wp-content/plugins/jetpack/_inc/blocks/story/block.html]
[uptecra.com/wp-content/plugins/jetpack/_inc/blocks/story/view.asset.html]
[uptecra.com/wp-content/plugins/jetpack/_inc/blocks/story/view.html]
[uptecra.com/wp-content/plugins/jetpack/_inc/blocks/story/view-2.html]
[uptecra.com/wp-content/plugins/jetpack/_inc/blocks/story/view.js.LICENSE.html]
[uptecra.com/wp-content/plugins/jetpack/_inc/blocks/story/view.rtl.html]
[uptecra.com/wp-content/plugins/jetpack/_inc/blocks/subscriber-login/indexc052c052.html]
[uptecra.com/wp-content/plugins/jetpack/_inc/blocks/subscriber-login/indexf8a0f8a0.html]
[uptecra.com/wp-content/plugins/jetpack/_inc/blocks/subscriber-login/indexbfecbfec.html]
[uptecra.com/wp-content/plugins/jetpack/_inc/blocks/subscriber-login/index30b530b5.html]
[uptecra.com/wp-content/plugins/jetpack/_inc/blocks/subscriber-login/block.html]
[uptecra.com/wp-content/plugins/jetpack/_inc/blocks/subscriptions/indexc052c052.html]
[uptecra.com/wp-content/plugins/jetpack/_inc/blocks/subscriptions/indexf8a0f8a0.html]
[uptecra.com/wp-content/plugins/jetpack/_inc/blocks/subscriptions/indexbfecbfec.html]
[uptecra.com/wp-content/plugins/jetpack/_inc/blocks/subscriptions/index30b530b5.html]
[uptecra.com/wp-content/plugins/jetpack/_inc/blocks/subscriptions/block.html]
[uptecra.com/wp-content/plugins/jetpack/_inc/blocks/subscriptions/view.asset.html]
[uptecra.com/wp-content/plugins/jetpack/_inc/blocks/subscriptions/view.html]
[uptecra.com/wp-content/plugins/jetpack/_inc/blocks/subscriptions/view-2.html]
[uptecra.com/wp-content/plugins/jetpack/_inc/blocks/subscriptions/view.rtl.html]
[uptecra.com/wp-content/plugins/jetpack/_inc/blocks/tiled-gallery/indexc052c052.html]
[uptecra.com/wp-content/plugins/jetpack/_inc/blocks/tiled-gallery/indexf8a0f8a0.html]
[uptecra.com/wp-content/plugins/jetpack/_inc/blocks/tiled-gallery/indexbfecbfec.html]
[uptecra.com/wp-content/plugins/jetpack/_inc/blocks/tiled-gallery/index30b530b5.html]
[uptecra.com/wp-content/plugins/jetpack/_inc/blocks/tiled-gallery/block.html]
[uptecra.com/wp-content/plugins/jetpack/_inc/blocks/tiled-gallery/view.asset.html]
[uptecra.com/wp-content/plugins/jetpack/_inc/blocks/tiled-gallery/view.html]
[uptecra.com/wp-content/plugins/jetpack/_inc/blocks/tiled-gallery/view-2.html]
[uptecra.com/wp-content/plugins/jetpack/_inc/blocks/tiled-gallery/view.rtl.html]
[uptecra.com/wp-content/plugins/jetpack/_inc/blocks/tock/indexc052c052.html]
[uptecra.com/wp-content/plugins/jetpack/_inc/blocks/tock/indexf8a0f8a0.html]
[uptecra.com/wp-content/plugins/jetpack/_inc/blocks/tock/indexbfecbfec.html]
[uptecra.com/wp-content/plugins/jetpack/_inc/blocks/tock/index30b530b5.html]
[uptecra.com/wp-content/plugins/jetpack/_inc/blocks/tock/block.html]
[uptecra.com/wp-content/plugins/jetpack/_inc/blocks/tock/view.asset.html]
[uptecra.com/wp-content/plugins/jetpack/_inc/blocks/tock/view.html]
[uptecra.com/wp-content/plugins/jetpack/_inc/blocks/tock/view-2.html]
[uptecra.com/wp-content/plugins/jetpack/_inc/blocks/tock/view.rtl.html]
[uptecra.com/wp-content/plugins/jetpack/_inc/blocks/top-posts/indexc052c052.html]
[uptecra.com/wp-content/plugins/jetpack/_inc/blocks/top-posts/indexf8a0f8a0.html]
[uptecra.com/wp-content/plugins/jetpack/_inc/blocks/top-posts/indexbfecbfec.html]
[uptecra.com/wp-content/plugins/jetpack/_inc/blocks/top-posts/index30b530b5.html]
[uptecra.com/wp-content/plugins/jetpack/_inc/blocks/top-posts/block.html]
[uptecra.com/wp-content/plugins/jetpack/_inc/blocks/top-posts/view.asset.html]
[uptecra.com/wp-content/plugins/jetpack/_inc/blocks/top-posts/view.html]
[uptecra.com/wp-content/plugins/jetpack/_inc/blocks/top-posts/view-2.html]
[uptecra.com/wp-content/plugins/jetpack/_inc/blocks/top-posts/view.rtl.html]
[uptecra.com/wp-content/plugins/jetpack/_inc/blocks/voice-to-content/indexc052c052.html]
[uptecra.com/wp-content/plugins/jetpack/_inc/blocks/voice-to-content/indexf8a0f8a0.html]
[uptecra.com/wp-content/plugins/jetpack/_inc/blocks/voice-to-content/indexbfecbfec.html]
[uptecra.com/wp-content/plugins/jetpack/_inc/blocks/voice-to-content/index30b530b5.html]
[uptecra.com/wp-content/plugins/jetpack/_inc/blocks/voice-to-content/block.html]
[uptecra.com/wp-content/plugins/jetpack/_inc/blocks/wordads/indexc052c052.html]
[uptecra.com/wp-content/plugins/jetpack/_inc/blocks/wordads/indexf8a0f8a0.html]
[uptecra.com/wp-content/plugins/jetpack/_inc/blocks/wordads/indexbfecbfec.html]
[uptecra.com/wp-content/plugins/jetpack/_inc/blocks/wordads/index30b530b5.html]
[uptecra.com/wp-content/plugins/jetpack/_inc/blocks/wordads/block.html]
